---
source: src/codegen/x86_64/asmgen.rs
description: local variables
expression: asm_output
info: localvars/expression_with_var.c
---
    .globl _main
_main:
    pushq %rbp
    movq  %rsp, %rbp
    subq $40, %rsp
    movl $10, -8(%rbp)
    movl $20, -16(%rbp)
    movl $30, -24(%rbp)
    movl -8(%rbp), %r10d
    movl %r10d, -32(%rbp)
    movl -16(%rbp), %r10d
    addl %r10d, -32(%rbp)
    movl -32(%rbp), %r10d
    movl %r10d, -40(%rbp)
    movl -24(%rbp), %r10d
    addl %r10d, -40(%rbp)
    movl -40(%rbp), %eax
    movq %rbp, %rsp
    popq %rbp
    ret
