---
source: src/codegen/x86_64/asmgen.rs
description: unary operators
expression: asm_output
info: unary/not.c
---
    .globl _main
_main:
    pushq %rbp
    movq  %rsp, %rbp
    subq $16, %rsp
    movl $0, %r10d
    cmpl $0, %r10d
    movl $0, -8(%rbp)
    sete -8(%rbp)
    movl -8(%rbp), %eax
    movq %rbp, %rsp
    popq %rbp
    ret
