---
source: src/tacky/tacky.rs
description: if statement
expression: tacky
info: conditional/if_else_if.c
---
int main(void) {
    a$1 = (int32 10);
    <t>.0 = a$1 < (int32 5);
    <t>.5 = <t>.0;
    jump_if_zero (<t>.5) _L.if_else.5;
    b$2 = (int32 1);
    jump _L.if_end.4;
_L.if_else.5:
    <t>.1 = a$1 < (int32 10);
    <t>.4 = <t>.1;
    jump_if_zero (<t>.4) _L.if_else.3;
    b$2 = (int32 2);
    jump _L.if_end.2;
_L.if_else.3:
    <t>.2 = a$1 < (int32 20);
    <t>.3 = <t>.2;
    jump_if_zero (<t>.3) _L.if_else.1;
    b$2 = (int32 3);
    jump _L.if_end.0;
_L.if_else.1:
    b$2 = (int32 4);
_L.if_end.0:
_L.if_end.2:
_L.if_end.4:
    return b$2;
}
