---
source: src/codegen/x86_64/asmgen.rs
description: arithmetic binary operators
expression: asm_output
info: binary/arithmetic_modulo.c
---
    .globl _main
_main:
    pushq %rbp
    movq  %rsp, %rbp
    subq $16, %rsp
    movl $10, %eax
    cdq
    movl $3, %r10d
    idivl %r10d
    movl %edx, -8(%rbp)
    movl -8(%rbp), %eax
    movq %rbp, %rsp
    popq %rbp
    ret
