---
source: src/codegen/x86_64/asmgen.rs
description: arithmetic bitwise binary operators
expression: asm_output
info: binary/bitwise_left_shift.c
---
    .globl _main
_main:
    pushq %rbp
    movq  %rsp, %rbp
    subq $8, %rsp
    movl $1, -8(%rbp)
    movl -8(%rbp), %r11d
    movl $2, %eax
    movb %al, %cl
    movl %r11d, -8(%rbp)
    sall %cl, -8(%rbp)
    movl -8(%rbp), %eax
    movq %rbp, %rsp
    popq %rbp
    ret
