---
source: src/codegen/x86_64/asmgen.rs
description: arithmetic bitwise binary operators
expression: asm_output
info: binary/bitwise_xor.c
---
    .globl _main
_main:
    pushq %rbp
    movq  %rsp, %rbp
    subq $16, %rsp
    movl $1, -8(%rbp)
    xorl $2, -8(%rbp)
    movl -8(%rbp), %eax
    movq %rbp, %rsp
    popq %rbp
    ret
