---
source: src/tacky/tacky.rs
description: do-while loop
expression: tacky
info: loops/dowhile_with_continue.c
---
int main(void) {
    i$0 = (int32 0);
    a$1 = (int32 0);
.loop.0.start:
    <t>.0 = i$0;
    i$0 = i$0 + (int32 1);
    <t>.1 = i$0 % (int32 2);
    <t>.2 = <t>.1 == (int32 0);
    <t>.3 = <t>.2;
    jump_if_zero (<t>.3) _L.if_end.0;
    jump .loop.0.continue;
_L.if_end.0:
    <t>.4 = a$1 + i$0;
    a$1 = <t>.4;
.loop.0.continue:
    <t>.5 = i$0 < (int32 10);
    <t>.6 = <t>.5;
    jump_if_not_zero (<t>.6) .loop.0.start;
.loop.0.break:
    return a$1;
}
