---
source: src/tacky/tacky.rs
description: for loop
expression: tacky
info: loops/nested_for.c
---
int main(void) {
    i$0 = (int32 0);
    a$1 = (int32 0);
    i$0 = (int32 0);
.loop.0.start:
    <t>.0 = i$0 < (int32 10);
    <t>.1 = <t>.0;
    jump_if_zero (<t>.1) .loop.0.break;
    j$2 = (int32 0);
.loop.1.start:
    <t>.2 = j$2 < i$0;
    <t>.3 = <t>.2;
    jump_if_zero (<t>.3) .loop.1.break;
    <t>.4 = i$0 + j$2;
    <t>.5 = a$1 + <t>.4;
    a$1 = <t>.5;
.loop.1.continue:
    <t>.6 = j$2;
    j$2 = j$2 + (int32 1);
    jump .loop.1.start;
.loop.1.break:
.loop.0.continue:
    <t>.7 = i$0;
    i$0 = i$0 + (int32 1);
    jump .loop.0.start;
.loop.0.break:
    return a$1;
}
