---
source: src/tacky/tacky.rs
description: while loop
expression: tacky
info: loops/simple_while.c
---
int main(void) {
    a$0 = (int32 0);
    i$1 = (int32 0);
.loop.0.continue:
    <t>.0 = i$1 < (int32 10);
    <t>.1 = <t>.0;
    jump_if_zero (<t>.1) .loop.0.break;
    <t>.2 = a$0 + i$1;
    a$0 = <t>.2;
    <t>.3 = i$1;
    i$1 = i$1 + (int32 1);
    jump .loop.0.continue;
.loop.0.break:
    return a$0;
}
