---
source: src/tacky/tacky.rs
description: while loop
expression: tacky
info: loops/while_with_break.c
---
int main(void) {
    a$1 = (int32 0);
    i$2 = (int32 0);
.loop.0.continue:
    <t>.0 = (int32 1);
    jump_if_zero (<t>.0) .loop.0.break;
    <t>.1 = a$1 + i$2;
    a$1 = <t>.1;
    <t>.2 = i$2;
    i$2 = i$2 + (int32 1);
    <t>.3 = i$2 >= (int32 10);
    <t>.4 = <t>.3;
    jump_if_zero (<t>.4) _L.if_end.0;
    jump .loop.0.break;
_L.if_end.0:
    jump .loop.0.continue;
.loop.0.break:
    return a$1;
}
