---
source: src/tacky/tacky.rs
description: logical operators
expression: tacky
info: logical/logical_or.c
---
int main(void) {
    <t>.1 = (int32 0);
    jump_if_not_zero (<t>.1) _L.or_true.0;
    <t>.2 = (int32 10);
    jump_if_not_zero (<t>.2) _L.or_true.0;
    <t>.0 = (int32 0);
    jump _L.or_end.1;
_L.or_true.0:
    <t>.0 = (int32 1);
_L.or_end.1:
    return <t>.0;
}
