---
source: src/tacky/tacky.rs
description: logical operators
expression: tacky
info: logical/logical_and_multi.c
---
int main(void) {
    <t>.2 = (int32 1) + (int32 2);
    <t>.3 = <t>.2;
    jump_if_zero (<t>.3) _L.and_false.2;
    <t>.4 = (int32 2) + (int32 3);
    <t>.5 = <t>.4;
    jump_if_zero (<t>.5) _L.and_false.2;
    <t>.1 = (int32 1);
    jump _L.and_end.3;
_L.and_false.2:
    <t>.1 = (int32 0);
_L.and_end.3:
    <t>.6 = <t>.1;
    jump_if_zero (<t>.6) _L.and_false.0;
    <t>.7 = (int32 3) + (int32 4);
    <t>.8 = <t>.7;
    jump_if_zero (<t>.8) _L.and_false.0;
    <t>.0 = (int32 1);
    jump _L.and_end.1;
_L.and_false.0:
    <t>.0 = (int32 0);
_L.and_end.1:
    return <t>.0;
}
